// Jest Snapshot v1, https://goo.gl/fbAQLP

exports[`snapshot testing 1`] = `
<DocumentFragment>
  <div
    class="flex flex-row justify-center"
    role="pagination"
  >
    <div
      class="flex items-center justify-center w-10 h-10 min-w-10 min-h-10 cursor-pointer"
    />
    <div
      class="flex text-primary cursor-pointer font-medium text-base items-center justify-center px-2 bg-secondary rounded-full cursor-default w-10 h-10 min-w-10 min-h-10 p-0"
    >
      1
    </div>
    <div
      class="flex text-primary cursor-pointer font-medium text-base items-center justify-center px-2"
    >
      2
    </div>
    <div
      class="flex text-primary cursor-pointer font-medium text-base items-center justify-center px-2"
    >
      ...
    </div>
    <div
      class="flex text-primary cursor-pointer font-medium text-base items-center justify-center px-2"
    >
      6
    </div>
    <div
      class="flex text-primary cursor-pointer font-medium text-base items-center justify-center px-2"
    >
      7
    </div>
    <div
      class="flex items-center justify-center w-10 h-10 min-w-10 min-h-10 cursor-pointer"
    >
      <img
        src="/icons/right_icon.svg"
      />
    </div>
  </div>
</DocumentFragment>
`;
